// Jest Snapshot v1, https://goo.gl/fbAQLP

exports[`Kernel #update gas update 1`] = `37373`;

exports[`Kernel #write gas first write 1`] = `52984`;

exports[`Kernel #write gas write 1`] = `35884`;
